[INFO] Scanning for projects...
[INFO] 
[INFO] -------------------< com.example:as-digt-hc-dev-fe >--------------------
[INFO] Building as-digt-hc-dev-fe 0.0.1-SNAPSHOT
[INFO]   from pom.xml
[INFO] --------------------------------[ jar ]---------------------------------
[INFO] 
[INFO] --- clean:3.5.0:clean (default-clean) @ as-digt-hc-dev-fe ---
[INFO] Deleting C:\Users\ejrwl\OneDrive\Workspace\AS-Digt-HC-Dev-FE\target
[INFO] 
[INFO] --- resources:3.3.1:resources (default-resources) @ as-digt-hc-dev-fe ---
[INFO] Copying 4 resources from src\main\resources to target\classes
[INFO] Copying 0 resource from src\main\resources to target\classes
[INFO] 
[INFO] --- compiler:3.14.1:compile (default-compile) @ as-digt-hc-dev-fe ---
[INFO] Recompiling the module because of changed source code.
[INFO] Compiling 127 source files with javac [debug parameters release 21] to target\classes
[INFO] -------------------------------------------------------------
[ERROR] COMPILATION ERROR : 
[INFO] -------------------------------------------------------------
[ERROR] /C:/Users/ejrwl/OneDrive/Workspace/AS-Digt-HC-Dev-FE/src/main/java/vibe/digthc/as_digt_hc_dev_fe/AsDigtHcDevFeApplication.java:[5,54] package org.springframework.data.jpa.repository.config does not exist
[ERROR] /C:/Users/ejrwl/OneDrive/Workspace/AS-Digt-HC-Dev-FE/src/main/java/vibe/digthc/as_digt_hc_dev_fe/AsDigtHcDevFeApplication.java:[14,2] cannot find symbol
  symbol: class EnableJpaAuditing
[ERROR] /C:/Users/ejrwl/OneDrive/Workspace/AS-Digt-HC-Dev-FE/src/main/java/vibe/digthc/as_digt_hc_dev_fe/domain/action/dto/ActionCardResponse.java:[3,14] package lombok does not exist
[ERROR] /C:/Users/ejrwl/OneDrive/Workspace/AS-Digt-HC-Dev-FE/src/main/java/vibe/digthc/as_digt_hc_dev_fe/domain/action/dto/ActionCardResponse.java:[4,14] package lombok does not exist
[ERROR] /C:/Users/ejrwl/OneDrive/Workspace/AS-Digt-HC-Dev-FE/src/main/java/vibe/digthc/as_digt_hc_dev_fe/domain/action/dto/ActionCardResponse.java:[5,14] package lombok does not exist
[ERROR] /C:/Users/ejrwl/OneDrive/Workspace/AS-Digt-HC-Dev-FE/src/main/java/vibe/digthc/as_digt_hc_dev_fe/domain/action/dto/ActionCardResponse.java:[6,14] package lombok does not exist
[ERROR] /C:/Users/ejrwl/OneDrive/Workspace/AS-Digt-HC-Dev-FE/src/main/java/vibe/digthc/as_digt_hc_dev_fe/domain/action/dto/ActionCardResponse.java:[12,2] cannot find symbol
  symbol: class Getter
[ERROR] /C:/Users/ejrwl/OneDrive/Workspace/AS-Digt-HC-Dev-FE/src/main/java/vibe/digthc/as_digt_hc_dev_fe/domain/action/dto/ActionCardResponse.java:[13,2] cannot find symbol
  symbol: class Builder
[ERROR] /C:/Users/ejrwl/OneDrive/Workspace/AS-Digt-HC-Dev-FE/src/main/java/vibe/digthc/as_digt_hc_dev_fe/domain/action/dto/ActionCardResponse.java:[14,2] cannot find symbol
  symbol: class NoArgsConstructor
[ERROR] /C:/Users/ejrwl/OneDrive/Workspace/AS-Digt-HC-Dev-FE/src/main/java/vibe/digthc/as_digt_hc_dev_fe/domain/action/dto/ActionCardResponse.java:[15,2] cannot find symbol
  symbol: class AllArgsConstructor
[ERROR] /C:/Users/ejrwl/OneDrive/Workspace/AS-Digt-HC-Dev-FE/src/main/java/vibe/digthc/as_digt_hc_dev_fe/domain/common/BaseTimeEntity.java:[3,27] package jakarta.persistence does not exist
[ERROR] /C:/Users/ejrwl/OneDrive/Workspace/AS-Digt-HC-Dev-FE/src/main/java/vibe/digthc/as_digt_hc_dev_fe/domain/common/BaseTimeEntity.java:[4,27] package jakarta.persistence does not exist
[ERROR] /C:/Users/ejrwl/OneDrive/Workspace/AS-Digt-HC-Dev-FE/src/main/java/vibe/digthc/as_digt_hc_dev_fe/domain/common/BaseTimeEntity.java:[5,27] package jakarta.persistence does not exist
[ERROR] /C:/Users/ejrwl/OneDrive/Workspace/AS-Digt-HC-Dev-FE/src/main/java/vibe/digthc/as_digt_hc_dev_fe/domain/common/BaseTimeEntity.java:[6,14] package lombok does not exist
[ERROR] /C:/Users/ejrwl/OneDrive/Workspace/AS-Digt-HC-Dev-FE/src/main/java/vibe/digthc/as_digt_hc_dev_fe/domain/common/BaseTimeEntity.java:[7,43] package org.springframework.data.annotation does not exist
[ERROR] /C:/Users/ejrwl/OneDrive/Workspace/AS-Digt-HC-Dev-FE/src/main/java/vibe/digthc/as_digt_hc_dev_fe/domain/common/BaseTimeEntity.java:[8,43] package org.springframework.data.annotation does not exist
[ERROR] /C:/Users/ejrwl/OneDrive/Workspace/AS-Digt-HC-Dev-FE/src/main/java/vibe/digthc/as_digt_hc_dev_fe/domain/common/BaseTimeEntity.java:[9,51] package org.springframework.data.jpa.domain.support does not exist
[ERROR] /C:/Users/ejrwl/OneDrive/Workspace/AS-Digt-HC-Dev-FE/src/main/java/vibe/digthc/as_digt_hc_dev_fe/domain/common/BaseTimeEntity.java:[13,2] cannot find symbol
  symbol: class Getter
[ERROR] /C:/Users/ejrwl/OneDrive/Workspace/AS-Digt-HC-Dev-FE/src/main/java/vibe/digthc/as_digt_hc_dev_fe/domain/common/BaseTimeEntity.java:[14,2] cannot find symbol
  symbol: class MappedSuperclass
[ERROR] /C:/Users/ejrwl/OneDrive/Workspace/AS-Digt-HC-Dev-FE/src/main/java/vibe/digthc/as_digt_hc_dev_fe/domain/common/BaseTimeEntity.java:[15,2] cannot find symbol
  symbol: class EntityListeners
[ERROR] /C:/Users/ejrwl/OneDrive/Workspace/AS-Digt-HC-Dev-FE/src/main/java/vibe/digthc/as_digt_hc_dev_fe/domain/action/entity/ActionCard.java:[11,2] cannot find symbol
  symbol: class Entity
[ERROR] /C:/Users/ejrwl/OneDrive/Workspace/AS-Digt-HC-Dev-FE/src/main/java/vibe/digthc/as_digt_hc_dev_fe/domain/action/entity/ActionCard.java:[12,2] cannot find symbol
  symbol: class Table
[ERROR] /C:/Users/ejrwl/OneDrive/Workspace/AS-Digt-HC-Dev-FE/src/main/java/vibe/digthc/as_digt_hc_dev_fe/domain/action/entity/ActionCard.java:[16,2] cannot find symbol
  symbol: class Getter
[ERROR] /C:/Users/ejrwl/OneDrive/Workspace/AS-Digt-HC-Dev-FE/src/main/java/vibe/digthc/as_digt_hc_dev_fe/domain/action/entity/ActionCard.java:[17,2] cannot find symbol
  symbol: class NoArgsConstructor
[ERROR] /C:/Users/ejrwl/OneDrive/Workspace/AS-Digt-HC-Dev-FE/src/main/java/vibe/digthc/as_digt_hc_dev_fe/domain/user/entity/User.java:[9,2] cannot find symbol
  symbol: class Entity
[ERROR] /C:/Users/ejrwl/OneDrive/Workspace/AS-Digt-HC-Dev-FE/src/main/java/vibe/digthc/as_digt_hc_dev_fe/domain/user/entity/User.java:[10,2] cannot find symbol
  symbol: class Table
[ERROR] /C:/Users/ejrwl/OneDrive/Workspace/AS-Digt-HC-Dev-FE/src/main/java/vibe/digthc/as_digt_hc_dev_fe/domain/user/entity/User.java:[13,2] cannot find symbol
  symbol: class Getter
[ERROR] /C:/Users/ejrwl/OneDrive/Workspace/AS-Digt-HC-Dev-FE/src/main/java/vibe/digthc/as_digt_hc_dev_fe/domain/user/entity/User.java:[14,2] cannot find symbol
  symbol: class NoArgsConstructor
[ERROR] /C:/Users/ejrwl/OneDrive/Workspace/AS-Digt-HC-Dev-FE/src/main/java/vibe/digthc/as_digt_hc_dev_fe/domain/user/entity/UserProfile.java:[9,2] cannot find symbol
  symbol: class Entity
[ERROR] /C:/Users/ejrwl/OneDrive/Workspace/AS-Digt-HC-Dev-FE/src/main/java/vibe/digthc/as_digt_hc_dev_fe/domain/user/entity/UserProfile.java:[10,2] cannot find symbol
  symbol: class Table
[ERROR] /C:/Users/ejrwl/OneDrive/Workspace/AS-Digt-HC-Dev-FE/src/main/java/vibe/digthc/as_digt_hc_dev_fe/domain/user/entity/UserProfile.java:[13,2] cannot find symbol
  symbol: class Getter
[ERROR] /C:/Users/ejrwl/OneDrive/Workspace/AS-Digt-HC-Dev-FE/src/main/java/vibe/digthc/as_digt_hc_dev_fe/domain/user/entity/UserProfile.java:[14,2] cannot find symbol
  symbol: class NoArgsConstructor
[ERROR] /C:/Users/ejrwl/OneDrive/Workspace/AS-Digt-HC-Dev-FE/src/main/java/vibe/digthc/as_digt_hc_dev_fe/domain/action/entity/ActionCard.java:[3,1] package jakarta.persistence does not exist
[ERROR] /C:/Users/ejrwl/OneDrive/Workspace/AS-Digt-HC-Dev-FE/src/main/java/vibe/digthc/as_digt_hc_dev_fe/domain/action/entity/ActionCard.java:[4,1] package lombok does not exist
[ERROR] /C:/Users/ejrwl/OneDrive/Workspace/AS-Digt-HC-Dev-FE/src/main/java/vibe/digthc/as_digt_hc_dev_fe/domain/user/entity/User.java:[4,1] package jakarta.persistence does not exist
[ERROR] /C:/Users/ejrwl/OneDrive/Workspace/AS-Digt-HC-Dev-FE/src/main/java/vibe/digthc/as_digt_hc_dev_fe/domain/user/entity/User.java:[5,1] package lombok does not exist
[ERROR] /C:/Users/ejrwl/OneDrive/Workspace/AS-Digt-HC-Dev-FE/src/main/java/vibe/digthc/as_digt_hc_dev_fe/domain/user/entity/UserProfile.java:[4,1] package jakarta.persistence does not exist
[ERROR] /C:/Users/ejrwl/OneDrive/Workspace/AS-Digt-HC-Dev-FE/src/main/java/vibe/digthc/as_digt_hc_dev_fe/domain/user/entity/UserProfile.java:[5,1] package lombok does not exist
[ERROR] /C:/Users/ejrwl/OneDrive/Workspace/AS-Digt-HC-Dev-FE/src/main/java/vibe/digthc/as_digt_hc_dev_fe/domain/action/dto/ActionStatsResponse.java:[3,14] package lombok does not exist
[ERROR] /C:/Users/ejrwl/OneDrive/Workspace/AS-Digt-HC-Dev-FE/src/main/java/vibe/digthc/as_digt_hc_dev_fe/domain/action/dto/ActionStatsResponse.java:[4,14] package lombok does not exist
[ERROR] /C:/Users/ejrwl/OneDrive/Workspace/AS-Digt-HC-Dev-FE/src/main/java/vibe/digthc/as_digt_hc_dev_fe/domain/action/dto/ActionStatsResponse.java:[5,14] package lombok does not exist
[ERROR] /C:/Users/ejrwl/OneDrive/Workspace/AS-Digt-HC-Dev-FE/src/main/java/vibe/digthc/as_digt_hc_dev_fe/domain/action/dto/ActionStatsResponse.java:[6,14] package lombok does not exist
[ERROR] /C:/Users/ejrwl/OneDrive/Workspace/AS-Digt-HC-Dev-FE/src/main/java/vibe/digthc/as_digt_hc_dev_fe/domain/action/dto/ActionStatsResponse.java:[8,2] cannot find symbol
  symbol: class Getter
[ERROR] /C:/Users/ejrwl/OneDrive/Workspace/AS-Digt-HC-Dev-FE/src/main/java/vibe/digthc/as_digt_hc_dev_fe/domain/action/dto/ActionStatsResponse.java:[9,2] cannot find symbol
  symbol: class Builder
[ERROR] /C:/Users/ejrwl/OneDrive/Workspace/AS-Digt-HC-Dev-FE/src/main/java/vibe/digthc/as_digt_hc_dev_fe/domain/action/dto/ActionStatsResponse.java:[10,2] cannot find symbol
  symbol: class NoArgsConstructor
[ERROR] /C:/Users/ejrwl/OneDrive/Workspace/AS-Digt-HC-Dev-FE/src/main/java/vibe/digthc/as_digt_hc_dev_fe/domain/action/dto/ActionStatsResponse.java:[11,2] cannot find symbol
  symbol: class AllArgsConstructor
[ERROR] /C:/Users/ejrwl/OneDrive/Workspace/AS-Digt-HC-Dev-FE/src/main/java/vibe/digthc/as_digt_hc_dev_fe/domain/action/repository/ActionCardRepository.java:[3,47] package org.springframework.data.jpa.repository does not exist
[ERROR] /C:/Users/ejrwl/OneDrive/Workspace/AS-Digt-HC-Dev-FE/src/main/java/vibe/digthc/as_digt_hc_dev_fe/domain/action/repository/ActionCardRepository.java:[4,47] package org.springframework.data.jpa.repository does not exist
[ERROR] /C:/Users/ejrwl/OneDrive/Workspace/AS-Digt-HC-Dev-FE/src/main/java/vibe/digthc/as_digt_hc_dev_fe/domain/action/repository/ActionCardRepository.java:[5,49] package org.springframework.data.repository.query does not exist
[ERROR] /C:/Users/ejrwl/OneDrive/Workspace/AS-Digt-HC-Dev-FE/src/main/java/vibe/digthc/as_digt_hc_dev_fe/domain/action/repository/ActionCardRepository.java:[15,47] cannot find symbol
  symbol: class JpaRepository
[ERROR] /C:/Users/ejrwl/OneDrive/Workspace/AS-Digt-HC-Dev-FE/src/main/java/vibe/digthc/as_digt_hc_dev_fe/domain/action/service/ActionCardService.java:[3,14] package lombok does not exist
[ERROR] /C:/Users/ejrwl/OneDrive/Workspace/AS-Digt-HC-Dev-FE/src/main/java/vibe/digthc/as_digt_hc_dev_fe/domain/action/service/ActionCardService.java:[5,50] package org.springframework.transaction.annotation does not exist
[ERROR] /C:/Users/ejrwl/OneDrive/Workspace/AS-Digt-HC-Dev-FE/src/main/java/vibe/digthc/as_digt_hc_dev_fe/domain/action/service/ActionCardService.java:[22,2] cannot find symbol
  symbol: class RequiredArgsConstructor
[ERROR] /C:/Users/ejrwl/OneDrive/Workspace/AS-Digt-HC-Dev-FE/src/main/java/vibe/digthc/as_digt_hc_dev_fe/domain/action/service/ActionCardService.java:[23,2] cannot find symbol
  symbol: class Transactional
[ERROR] /C:/Users/ejrwl/OneDrive/Workspace/AS-Digt-HC-Dev-FE/src/main/java/vibe/digthc/as_digt_hc_dev_fe/domain/user/repository/UserRepository.java:[4,47] package org.springframework.data.jpa.repository does not exist
[ERROR] /C:/Users/ejrwl/OneDrive/Workspace/AS-Digt-HC-Dev-FE/src/main/java/vibe/digthc/as_digt_hc_dev_fe/domain/user/repository/UserRepository.java:[11,41] cannot find symbol
  symbol: class JpaRepository
[ERROR] /C:/Users/ejrwl/OneDrive/Workspace/AS-Digt-HC-Dev-FE/src/main/java/vibe/digthc/as_digt_hc_dev_fe/domain/family/repository/FamilyBoardRepository.java:[4,47] package org.springframework.data.jpa.repository does not exist
[ERROR] /C:/Users/ejrwl/OneDrive/Workspace/AS-Digt-HC-Dev-FE/src/main/java/vibe/digthc/as_digt_hc_dev_fe/domain/family/repository/FamilyBoardRepository.java:[5,47] package org.springframework.data.jpa.repository does not exist
[ERROR] /C:/Users/ejrwl/OneDrive/Workspace/AS-Digt-HC-Dev-FE/src/main/java/vibe/digthc/as_digt_hc_dev_fe/domain/family/repository/FamilyBoardRepository.java:[6,49] package org.springframework.data.repository.query does not exist
[ERROR] /C:/Users/ejrwl/OneDrive/Workspace/AS-Digt-HC-Dev-FE/src/main/java/vibe/digthc/as_digt_hc_dev_fe/domain/family/repository/FamilyBoardRepository.java:[13,48] cannot find symbol
  symbol: class JpaRepository
[ERROR] /C:/Users/ejrwl/OneDrive/Workspace/AS-Digt-HC-Dev-FE/src/main/java/vibe/digthc/as_digt_hc_dev_fe/domain/family/entity/FamilyBoard.java:[7,33] package org.hibernate.annotations does not exist
[ERROR] /C:/Users/ejrwl/OneDrive/Workspace/AS-Digt-HC-Dev-FE/src/main/java/vibe/digthc/as_digt_hc_dev_fe/domain/family/entity/FamilyBoard.java:[8,26] package org.hibernate.type does not exist
[ERROR] /C:/Users/ejrwl/OneDrive/Workspace/AS-Digt-HC-Dev-FE/src/main/java/vibe/digthc/as_digt_hc_dev_fe/domain/family/entity/FamilyBoard.java:[17,2] cannot find symbol
  symbol: class Entity
[ERROR] /C:/Users/ejrwl/OneDrive/Workspace/AS-Digt-HC-Dev-FE/src/main/java/vibe/digthc/as_digt_hc_dev_fe/domain/family/entity/FamilyBoard.java:[18,2] cannot find symbol
  symbol: class Table
[ERROR] /C:/Users/ejrwl/OneDrive/Workspace/AS-Digt-HC-Dev-FE/src/main/java/vibe/digthc/as_digt_hc_dev_fe/domain/family/entity/FamilyBoard.java:[23,2] cannot find symbol
  symbol: class Getter
[ERROR] /C:/Users/ejrwl/OneDrive/Workspace/AS-Digt-HC-Dev-FE/src/main/java/vibe/digthc/as_digt_hc_dev_fe/domain/family/entity/FamilyBoard.java:[24,2] cannot find symbol
  symbol: class NoArgsConstructor
[ERROR] /C:/Users/ejrwl/OneDrive/Workspace/AS-Digt-HC-Dev-FE/src/main/java/vibe/digthc/as_digt_hc_dev_fe/domain/family/entity/FamilyBoardMember.java:[17,2] cannot find symbol
  symbol: class Entity
[ERROR] /C:/Users/ejrwl/OneDrive/Workspace/AS-Digt-HC-Dev-FE/src/main/java/vibe/digthc/as_digt_hc_dev_fe/domain/family/entity/FamilyBoardMember.java:[18,2] cannot find symbol
  symbol: class Table
[ERROR] /C:/Users/ejrwl/OneDrive/Workspace/AS-Digt-HC-Dev-FE/src/main/java/vibe/digthc/as_digt_hc_dev_fe/domain/family/entity/FamilyBoardMember.java:[28,2] cannot find symbol
  symbol: class Getter
[ERROR] /C:/Users/ejrwl/OneDrive/Workspace/AS-Digt-HC-Dev-FE/src/main/java/vibe/digthc/as_digt_hc_dev_fe/domain/family/entity/FamilyBoardMember.java:[29,2] cannot find symbol
  symbol: class NoArgsConstructor
[ERROR] /C:/Users/ejrwl/OneDrive/Workspace/AS-Digt-HC-Dev-FE/src/main/java/vibe/digthc/as_digt_hc_dev_fe/domain/family/entity/BoardInvitation.java:[17,2] cannot find symbol
  symbol: class Entity
[ERROR] /C:/Users/ejrwl/OneDrive/Workspace/AS-Digt-HC-Dev-FE/src/main/java/vibe/digthc/as_digt_hc_dev_fe/domain/family/entity/BoardInvitation.java:[18,2] cannot find symbol
  symbol: class Table
[ERROR] /C:/Users/ejrwl/OneDrive/Workspace/AS-Digt-HC-Dev-FE/src/main/java/vibe/digthc/as_digt_hc_dev_fe/domain/family/entity/BoardInvitation.java:[27,2] cannot find symbol
  symbol: class Getter
[ERROR] /C:/Users/ejrwl/OneDrive/Workspace/AS-Digt-HC-Dev-FE/src/main/java/vibe/digthc/as_digt_hc_dev_fe/domain/family/entity/BoardInvitation.java:[28,2] cannot find symbol
  symbol: class NoArgsConstructor
[ERROR] /C:/Users/ejrwl/OneDrive/Workspace/AS-Digt-HC-Dev-FE/src/main/java/vibe/digthc/as_digt_hc_dev_fe/domain/family/entity/FamilyBoard.java:[5,1] package jakarta.persistence does not exist
[ERROR] /C:/Users/ejrwl/OneDrive/Workspace/AS-Digt-HC-Dev-FE/src/main/java/vibe/digthc/as_digt_hc_dev_fe/domain/family/entity/FamilyBoard.java:[6,1] package lombok does not exist
[ERROR] /C:/Users/ejrwl/OneDrive/Workspace/AS-Digt-HC-Dev-FE/src/main/java/vibe/digthc/as_digt_hc_dev_fe/domain/family/entity/BoardInvitation.java:[7,1] package jakarta.persistence does not exist
[ERROR] /C:/Users/ejrwl/OneDrive/Workspace/AS-Digt-HC-Dev-FE/src/main/java/vibe/digthc/as_digt_hc_dev_fe/domain/family/entity/BoardInvitation.java:[8,1] package lombok does not exist
[ERROR] /C:/Users/ejrwl/OneDrive/Workspace/AS-Digt-HC-Dev-FE/src/main/java/vibe/digthc/as_digt_hc_dev_fe/domain/family/entity/FamilyBoardMember.java:[7,1] package jakarta.persistence does not exist
[ERROR] /C:/Users/ejrwl/OneDrive/Workspace/AS-Digt-HC-Dev-FE/src/main/java/vibe/digthc/as_digt_hc_dev_fe/domain/family/entity/FamilyBoardMember.java:[8,1] package lombok does not exist
[ERROR] /C:/Users/ejrwl/OneDrive/Workspace/AS-Digt-HC-Dev-FE/src/main/java/vibe/digthc/as_digt_hc_dev_fe/domain/action/service/ActionScheduler.java:[3,14] package lombok does not exist
[ERROR] /C:/Users/ejrwl/OneDrive/Workspace/AS-Digt-HC-Dev-FE/src/main/java/vibe/digthc/as_digt_hc_dev_fe/domain/action/service/ActionScheduler.java:[4,27] package lombok.extern.slf4j does not exist
[ERROR] /C:/Users/ejrwl/OneDrive/Workspace/AS-Digt-HC-Dev-FE/src/main/java/vibe/digthc/as_digt_hc_dev_fe/domain/action/service/ActionScheduler.java:[9,2] cannot find symbol
  symbol: class RequiredArgsConstructor
[ERROR] /C:/Users/ejrwl/OneDrive/Workspace/AS-Digt-HC-Dev-FE/src/main/java/vibe/digthc/as_digt_hc_dev_fe/domain/action/service/ActionScheduler.java:[10,2] cannot find symbol
  symbol: class Slf4j
[ERROR] /C:/Users/ejrwl/OneDrive/Workspace/AS-Digt-HC-Dev-FE/src/main/java/vibe/digthc/as_digt_hc_dev_fe/domain/family/dto/AcceptReq.java:[3,38] package jakarta.validation.constraints does not exist
[ERROR] /C:/Users/ejrwl/OneDrive/Workspace/AS-Digt-HC-Dev-FE/src/main/java/vibe/digthc/as_digt_hc_dev_fe/domain/family/dto/InviteReq.java:[4,38] package jakarta.validation.constraints does not exist
[ERROR] /C:/Users/ejrwl/OneDrive/Workspace/AS-Digt-HC-Dev-FE/src/main/java/vibe/digthc/as_digt_hc_dev_fe/domain/family/dto/InviteReq.java:[5,38] package jakarta.validation.constraints does not exist
[ERROR] /C:/Users/ejrwl/OneDrive/Workspace/AS-Digt-HC-Dev-FE/src/main/java/vibe/digthc/as_digt_hc_dev_fe/domain/family/dto/RoleUpdateReq.java:[4,38] package jakarta.validation.constraints does not exist
[ERROR] /C:/Users/ejrwl/OneDrive/Workspace/AS-Digt-HC-Dev-FE/src/main/java/vibe/digthc/as_digt_hc_dev_fe/domain/family/repository/BoardInvitationRepository.java:[5,47] package org.springframework.data.jpa.repository does not exist
[ERROR] /C:/Users/ejrwl/OneDrive/Workspace/AS-Digt-HC-Dev-FE/src/main/java/vibe/digthc/as_digt_hc_dev_fe/domain/family/repository/BoardInvitationRepository.java:[6,47] package org.springframework.data.jpa.repository does not exist
[ERROR] /C:/Users/ejrwl/OneDrive/Workspace/AS-Digt-HC-Dev-FE/src/main/java/vibe/digthc/as_digt_hc_dev_fe/domain/family/repository/BoardInvitationRepository.java:[7,47] package org.springframework.data.jpa.repository does not exist
[ERROR] /C:/Users/ejrwl/OneDrive/Workspace/AS-Digt-HC-Dev-FE/src/main/java/vibe/digthc/as_digt_hc_dev_fe/domain/family/repository/BoardInvitationRepository.java:[8,49] package org.springframework.data.repository.query does not exist
[ERROR] /C:/Users/ejrwl/OneDrive/Workspace/AS-Digt-HC-Dev-FE/src/main/java/vibe/digthc/as_digt_hc_dev_fe/domain/family/repository/BoardInvitationRepository.java:[17,52] cannot find symbol
  symbol: class JpaRepository
[ERROR] /C:/Users/ejrwl/OneDrive/Workspace/AS-Digt-HC-Dev-FE/src/main/java/vibe/digthc/as_digt_hc_dev_fe/domain/family/repository/FamilyBoardMemberRepository.java:[5,47] package org.springframework.data.jpa.repository does not exist
[ERROR] /C:/Users/ejrwl/OneDrive/Workspace/AS-Digt-HC-Dev-FE/src/main/java/vibe/digthc/as_digt_hc_dev_fe/domain/family/repository/FamilyBoardMemberRepository.java:[6,47] package org.springframework.data.jpa.repository does not exist
[ERROR] /C:/Users/ejrwl/OneDrive/Workspace/AS-Digt-HC-Dev-FE/src/main/java/vibe/digthc/as_digt_hc_dev_fe/domain/family/repository/FamilyBoardMemberRepository.java:[7,49] package org.springframework.data.repository.query does not exist
[ERROR] /C:/Users/ejrwl/OneDrive/Workspace/AS-Digt-HC-Dev-FE/src/main/java/vibe/digthc/as_digt_hc_dev_fe/domain/family/repository/FamilyBoardMemberRepository.java:[15,54] cannot find symbol
  symbol: class JpaRepository
[ERROR] /C:/Users/ejrwl/OneDrive/Workspace/AS-Digt-HC-Dev-FE/src/main/java/vibe/digthc/as_digt_hc_dev_fe/domain/family/service/FamilyBoardServiceImpl.java:[17,14] package lombok does not exist
[ERROR] /C:/Users/ejrwl/OneDrive/Workspace/AS-Digt-HC-Dev-FE/src/main/java/vibe/digthc/as_digt_hc_dev_fe/domain/family/service/FamilyBoardServiceImpl.java:[19,50] package org.springframework.transaction.annotation does not exist
[ERROR] /C:/Users/ejrwl/OneDrive/Workspace/AS-Digt-HC-Dev-FE/src/main/java/vibe/digthc/as_digt_hc_dev_fe/domain/family/service/FamilyBoardServiceImpl.java:[28,2] cannot find symbol
  symbol: class RequiredArgsConstructor
[INFO] 100 errors 
[INFO] -------------------------------------------------------------
[INFO] ------------------------------------------------------------------------
[INFO] BUILD FAILURE
[INFO] ------------------------------------------------------------------------
[INFO] Total time:  2.947 s
[INFO] Finished at: 2025-12-11T21:16:55+09:00
[INFO] ------------------------------------------------------------------------
[ERROR] Failed to execute goal org.apache.maven.plugins:maven-compiler-plugin:3.14.1:compile (default-compile) on project as-digt-hc-dev-fe: Compilation failure: Compilation failure: 
[ERROR] /C:/Users/ejrwl/OneDrive/Workspace/AS-Digt-HC-Dev-FE/src/main/java/vibe/digthc/as_digt_hc_dev_fe/AsDigtHcDevFeApplication.java:[5,54] package org.springframework.data.jpa.repository.config does not exist
[ERROR] /C:/Users/ejrwl/OneDrive/Workspace/AS-Digt-HC-Dev-FE/src/main/java/vibe/digthc/as_digt_hc_dev_fe/AsDigtHcDevFeApplication.java:[14,2] cannot find symbol
[ERROR]   symbol: class EnableJpaAuditing
[ERROR] /C:/Users/ejrwl/OneDrive/Workspace/AS-Digt-HC-Dev-FE/src/main/java/vibe/digthc/as_digt_hc_dev_fe/domain/action/dto/ActionCardResponse.java:[3,14] package lombok does not exist
[ERROR] /C:/Users/ejrwl/OneDrive/Workspace/AS-Digt-HC-Dev-FE/src/main/java/vibe/digthc/as_digt_hc_dev_fe/domain/action/dto/ActionCardResponse.java:[4,14] package lombok does not exist
[ERROR] /C:/Users/ejrwl/OneDrive/Workspace/AS-Digt-HC-Dev-FE/src/main/java/vibe/digthc/as_digt_hc_dev_fe/domain/action/dto/ActionCardResponse.java:[5,14] package lombok does not exist
[ERROR] /C:/Users/ejrwl/OneDrive/Workspace/AS-Digt-HC-Dev-FE/src/main/java/vibe/digthc/as_digt_hc_dev_fe/domain/action/dto/ActionCardResponse.java:[6,14] package lombok does not exist
[ERROR] /C:/Users/ejrwl/OneDrive/Workspace/AS-Digt-HC-Dev-FE/src/main/java/vibe/digthc/as_digt_hc_dev_fe/domain/action/dto/ActionCardResponse.java:[12,2] cannot find symbol
[ERROR]   symbol: class Getter
[ERROR] /C:/Users/ejrwl/OneDrive/Workspace/AS-Digt-HC-Dev-FE/src/main/java/vibe/digthc/as_digt_hc_dev_fe/domain/action/dto/ActionCardResponse.java:[13,2] cannot find symbol
[ERROR]   symbol: class Builder
[ERROR] /C:/Users/ejrwl/OneDrive/Workspace/AS-Digt-HC-Dev-FE/src/main/java/vibe/digthc/as_digt_hc_dev_fe/domain/action/dto/ActionCardResponse.java:[14,2] cannot find symbol
[ERROR]   symbol: class NoArgsConstructor
[ERROR] /C:/Users/ejrwl/OneDrive/Workspace/AS-Digt-HC-Dev-FE/src/main/java/vibe/digthc/as_digt_hc_dev_fe/domain/action/dto/ActionCardResponse.java:[15,2] cannot find symbol
[ERROR]   symbol: class AllArgsConstructor
[ERROR] /C:/Users/ejrwl/OneDrive/Workspace/AS-Digt-HC-Dev-FE/src/main/java/vibe/digthc/as_digt_hc_dev_fe/domain/common/BaseTimeEntity.java:[3,27] package jakarta.persistence does not exist
[ERROR] /C:/Users/ejrwl/OneDrive/Workspace/AS-Digt-HC-Dev-FE/src/main/java/vibe/digthc/as_digt_hc_dev_fe/domain/common/BaseTimeEntity.java:[4,27] package jakarta.persistence does not exist
[ERROR] /C:/Users/ejrwl/OneDrive/Workspace/AS-Digt-HC-Dev-FE/src/main/java/vibe/digthc/as_digt_hc_dev_fe/domain/common/BaseTimeEntity.java:[5,27] package jakarta.persistence does not exist
[ERROR] /C:/Users/ejrwl/OneDrive/Workspace/AS-Digt-HC-Dev-FE/src/main/java/vibe/digthc/as_digt_hc_dev_fe/domain/common/BaseTimeEntity.java:[6,14] package lombok does not exist
[ERROR] /C:/Users/ejrwl/OneDrive/Workspace/AS-Digt-HC-Dev-FE/src/main/java/vibe/digthc/as_digt_hc_dev_fe/domain/common/BaseTimeEntity.java:[7,43] package org.springframework.data.annotation does not exist
[ERROR] /C:/Users/ejrwl/OneDrive/Workspace/AS-Digt-HC-Dev-FE/src/main/java/vibe/digthc/as_digt_hc_dev_fe/domain/common/BaseTimeEntity.java:[8,43] package org.springframework.data.annotation does not exist
[ERROR] /C:/Users/ejrwl/OneDrive/Workspace/AS-Digt-HC-Dev-FE/src/main/java/vibe/digthc/as_digt_hc_dev_fe/domain/common/BaseTimeEntity.java:[9,51] package org.springframework.data.jpa.domain.support does not exist
[ERROR] /C:/Users/ejrwl/OneDrive/Workspace/AS-Digt-HC-Dev-FE/src/main/java/vibe/digthc/as_digt_hc_dev_fe/domain/common/BaseTimeEntity.java:[13,2] cannot find symbol
[ERROR]   symbol: class Getter
[ERROR] /C:/Users/ejrwl/OneDrive/Workspace/AS-Digt-HC-Dev-FE/src/main/java/vibe/digthc/as_digt_hc_dev_fe/domain/common/BaseTimeEntity.java:[14,2] cannot find symbol
[ERROR]   symbol: class MappedSuperclass
[ERROR] /C:/Users/ejrwl/OneDrive/Workspace/AS-Digt-HC-Dev-FE/src/main/java/vibe/digthc/as_digt_hc_dev_fe/domain/common/BaseTimeEntity.java:[15,2] cannot find symbol
[ERROR]   symbol: class EntityListeners
[ERROR] /C:/Users/ejrwl/OneDrive/Workspace/AS-Digt-HC-Dev-FE/src/main/java/vibe/digthc/as_digt_hc_dev_fe/domain/action/entity/ActionCard.java:[11,2] cannot find symbol
[ERROR]   symbol: class Entity
[ERROR] /C:/Users/ejrwl/OneDrive/Workspace/AS-Digt-HC-Dev-FE/src/main/java/vibe/digthc/as_digt_hc_dev_fe/domain/action/entity/ActionCard.java:[12,2] cannot find symbol
[ERROR]   symbol: class Table
[ERROR] /C:/Users/ejrwl/OneDrive/Workspace/AS-Digt-HC-Dev-FE/src/main/java/vibe/digthc/as_digt_hc_dev_fe/domain/action/entity/ActionCard.java:[16,2] cannot find symbol
[ERROR]   symbol: class Getter
[ERROR] /C:/Users/ejrwl/OneDrive/Workspace/AS-Digt-HC-Dev-FE/src/main/java/vibe/digthc/as_digt_hc_dev_fe/domain/action/entity/ActionCard.java:[17,2] cannot find symbol
[ERROR]   symbol: class NoArgsConstructor
[ERROR] /C:/Users/ejrwl/OneDrive/Workspace/AS-Digt-HC-Dev-FE/src/main/java/vibe/digthc/as_digt_hc_dev_fe/domain/user/entity/User.java:[9,2] cannot find symbol
[ERROR]   symbol: class Entity
[ERROR] /C:/Users/ejrwl/OneDrive/Workspace/AS-Digt-HC-Dev-FE/src/main/java/vibe/digthc/as_digt_hc_dev_fe/domain/user/entity/User.java:[10,2] cannot find symbol
[ERROR]   symbol: class Table
[ERROR] /C:/Users/ejrwl/OneDrive/Workspace/AS-Digt-HC-Dev-FE/src/main/java/vibe/digthc/as_digt_hc_dev_fe/domain/user/entity/User.java:[13,2] cannot find symbol
[ERROR]   symbol: class Getter
[ERROR] /C:/Users/ejrwl/OneDrive/Workspace/AS-Digt-HC-Dev-FE/src/main/java/vibe/digthc/as_digt_hc_dev_fe/domain/user/entity/User.java:[14,2] cannot find symbol
[ERROR]   symbol: class NoArgsConstructor
[ERROR] /C:/Users/ejrwl/OneDrive/Workspace/AS-Digt-HC-Dev-FE/src/main/java/vibe/digthc/as_digt_hc_dev_fe/domain/user/entity/UserProfile.java:[9,2] cannot find symbol
[ERROR]   symbol: class Entity
[ERROR] /C:/Users/ejrwl/OneDrive/Workspace/AS-Digt-HC-Dev-FE/src/main/java/vibe/digthc/as_digt_hc_dev_fe/domain/user/entity/UserProfile.java:[10,2] cannot find symbol
[ERROR]   symbol: class Table
[ERROR] /C:/Users/ejrwl/OneDrive/Workspace/AS-Digt-HC-Dev-FE/src/main/java/vibe/digthc/as_digt_hc_dev_fe/domain/user/entity/UserProfile.java:[13,2] cannot find symbol
[ERROR]   symbol: class Getter
[ERROR] /C:/Users/ejrwl/OneDrive/Workspace/AS-Digt-HC-Dev-FE/src/main/java/vibe/digthc/as_digt_hc_dev_fe/domain/user/entity/UserProfile.java:[14,2] cannot find symbol
[ERROR]   symbol: class NoArgsConstructor
[ERROR] /C:/Users/ejrwl/OneDrive/Workspace/AS-Digt-HC-Dev-FE/src/main/java/vibe/digthc/as_digt_hc_dev_fe/domain/action/entity/ActionCard.java:[3,1] package jakarta.persistence does not exist
[ERROR] /C:/Users/ejrwl/OneDrive/Workspace/AS-Digt-HC-Dev-FE/src/main/java/vibe/digthc/as_digt_hc_dev_fe/domain/action/entity/ActionCard.java:[4,1] package lombok does not exist
[ERROR] /C:/Users/ejrwl/OneDrive/Workspace/AS-Digt-HC-Dev-FE/src/main/java/vibe/digthc/as_digt_hc_dev_fe/domain/user/entity/User.java:[4,1] package jakarta.persistence does not exist
[ERROR] /C:/Users/ejrwl/OneDrive/Workspace/AS-Digt-HC-Dev-FE/src/main/java/vibe/digthc/as_digt_hc_dev_fe/domain/user/entity/User.java:[5,1] package lombok does not exist
[ERROR] /C:/Users/ejrwl/OneDrive/Workspace/AS-Digt-HC-Dev-FE/src/main/java/vibe/digthc/as_digt_hc_dev_fe/domain/user/entity/UserProfile.java:[4,1] package jakarta.persistence does not exist
[ERROR] /C:/Users/ejrwl/OneDrive/Workspace/AS-Digt-HC-Dev-FE/src/main/java/vibe/digthc/as_digt_hc_dev_fe/domain/user/entity/UserProfile.java:[5,1] package lombok does not exist
[ERROR] /C:/Users/ejrwl/OneDrive/Workspace/AS-Digt-HC-Dev-FE/src/main/java/vibe/digthc/as_digt_hc_dev_fe/domain/action/dto/ActionStatsResponse.java:[3,14] package lombok does not exist
[ERROR] /C:/Users/ejrwl/OneDrive/Workspace/AS-Digt-HC-Dev-FE/src/main/java/vibe/digthc/as_digt_hc_dev_fe/domain/action/dto/ActionStatsResponse.java:[4,14] package lombok does not exist
[ERROR] /C:/Users/ejrwl/OneDrive/Workspace/AS-Digt-HC-Dev-FE/src/main/java/vibe/digthc/as_digt_hc_dev_fe/domain/action/dto/ActionStatsResponse.java:[5,14] package lombok does not exist
[ERROR] /C:/Users/ejrwl/OneDrive/Workspace/AS-Digt-HC-Dev-FE/src/main/java/vibe/digthc/as_digt_hc_dev_fe/domain/action/dto/ActionStatsResponse.java:[6,14] package lombok does not exist
[ERROR] /C:/Users/ejrwl/OneDrive/Workspace/AS-Digt-HC-Dev-FE/src/main/java/vibe/digthc/as_digt_hc_dev_fe/domain/action/dto/ActionStatsResponse.java:[8,2] cannot find symbol
[ERROR]   symbol: class Getter
[ERROR] /C:/Users/ejrwl/OneDrive/Workspace/AS-Digt-HC-Dev-FE/src/main/java/vibe/digthc/as_digt_hc_dev_fe/domain/action/dto/ActionStatsResponse.java:[9,2] cannot find symbol
[ERROR]   symbol: class Builder
[ERROR] /C:/Users/ejrwl/OneDrive/Workspace/AS-Digt-HC-Dev-FE/src/main/java/vibe/digthc/as_digt_hc_dev_fe/domain/action/dto/ActionStatsResponse.java:[10,2] cannot find symbol
[ERROR]   symbol: class NoArgsConstructor
[ERROR] /C:/Users/ejrwl/OneDrive/Workspace/AS-Digt-HC-Dev-FE/src/main/java/vibe/digthc/as_digt_hc_dev_fe/domain/action/dto/ActionStatsResponse.java:[11,2] cannot find symbol
[ERROR]   symbol: class AllArgsConstructor
[ERROR] /C:/Users/ejrwl/OneDrive/Workspace/AS-Digt-HC-Dev-FE/src/main/java/vibe/digthc/as_digt_hc_dev_fe/domain/action/repository/ActionCardRepository.java:[3,47] package org.springframework.data.jpa.repository does not exist
[ERROR] /C:/Users/ejrwl/OneDrive/Workspace/AS-Digt-HC-Dev-FE/src/main/java/vibe/digthc/as_digt_hc_dev_fe/domain/action/repository/ActionCardRepository.java:[4,47] package org.springframework.data.jpa.repository does not exist
[ERROR] /C:/Users/ejrwl/OneDrive/Workspace/AS-Digt-HC-Dev-FE/src/main/java/vibe/digthc/as_digt_hc_dev_fe/domain/action/repository/ActionCardRepository.java:[5,49] package org.springframework.data.repository.query does not exist
[ERROR] /C:/Users/ejrwl/OneDrive/Workspace/AS-Digt-HC-Dev-FE/src/main/java/vibe/digthc/as_digt_hc_dev_fe/domain/action/repository/ActionCardRepository.java:[15,47] cannot find symbol
[ERROR]   symbol: class JpaRepository
[ERROR] /C:/Users/ejrwl/OneDrive/Workspace/AS-Digt-HC-Dev-FE/src/main/java/vibe/digthc/as_digt_hc_dev_fe/domain/action/service/ActionCardService.java:[3,14] package lombok does not exist
[ERROR] /C:/Users/ejrwl/OneDrive/Workspace/AS-Digt-HC-Dev-FE/src/main/java/vibe/digthc/as_digt_hc_dev_fe/domain/action/service/ActionCardService.java:[5,50] package org.springframework.transaction.annotation does not exist
[ERROR] /C:/Users/ejrwl/OneDrive/Workspace/AS-Digt-HC-Dev-FE/src/main/java/vibe/digthc/as_digt_hc_dev_fe/domain/action/service/ActionCardService.java:[22,2] cannot find symbol
[ERROR]   symbol: class RequiredArgsConstructor
[ERROR] /C:/Users/ejrwl/OneDrive/Workspace/AS-Digt-HC-Dev-FE/src/main/java/vibe/digthc/as_digt_hc_dev_fe/domain/action/service/ActionCardService.java:[23,2] cannot find symbol
[ERROR]   symbol: class Transactional
[ERROR] /C:/Users/ejrwl/OneDrive/Workspace/AS-Digt-HC-Dev-FE/src/main/java/vibe/digthc/as_digt_hc_dev_fe/domain/user/repository/UserRepository.java:[4,47] package org.springframework.data.jpa.repository does not exist
[ERROR] /C:/Users/ejrwl/OneDrive/Workspace/AS-Digt-HC-Dev-FE/src/main/java/vibe/digthc/as_digt_hc_dev_fe/domain/user/repository/UserRepository.java:[11,41] cannot find symbol
[ERROR]   symbol: class JpaRepository
[ERROR] /C:/Users/ejrwl/OneDrive/Workspace/AS-Digt-HC-Dev-FE/src/main/java/vibe/digthc/as_digt_hc_dev_fe/domain/family/repository/FamilyBoardRepository.java:[4,47] package org.springframework.data.jpa.repository does not exist
[ERROR] /C:/Users/ejrwl/OneDrive/Workspace/AS-Digt-HC-Dev-FE/src/main/java/vibe/digthc/as_digt_hc_dev_fe/domain/family/repository/FamilyBoardRepository.java:[5,47] package org.springframework.data.jpa.repository does not exist
[ERROR] /C:/Users/ejrwl/OneDrive/Workspace/AS-Digt-HC-Dev-FE/src/main/java/vibe/digthc/as_digt_hc_dev_fe/domain/family/repository/FamilyBoardRepository.java:[6,49] package org.springframework.data.repository.query does not exist
[ERROR] /C:/Users/ejrwl/OneDrive/Workspace/AS-Digt-HC-Dev-FE/src/main/java/vibe/digthc/as_digt_hc_dev_fe/domain/family/repository/FamilyBoardRepository.java:[13,48] cannot find symbol
[ERROR]   symbol: class JpaRepository
[ERROR] /C:/Users/ejrwl/OneDrive/Workspace/AS-Digt-HC-Dev-FE/src/main/java/vibe/digthc/as_digt_hc_dev_fe/domain/family/entity/FamilyBoard.java:[7,33] package org.hibernate.annotations does not exist
[ERROR] /C:/Users/ejrwl/OneDrive/Workspace/AS-Digt-HC-Dev-FE/src/main/java/vibe/digthc/as_digt_hc_dev_fe/domain/family/entity/FamilyBoard.java:[8,26] package org.hibernate.type does not exist
[ERROR] /C:/Users/ejrwl/OneDrive/Workspace/AS-Digt-HC-Dev-FE/src/main/java/vibe/digthc/as_digt_hc_dev_fe/domain/family/entity/FamilyBoard.java:[17,2] cannot find symbol
[ERROR]   symbol: class Entity
[ERROR] /C:/Users/ejrwl/OneDrive/Workspace/AS-Digt-HC-Dev-FE/src/main/java/vibe/digthc/as_digt_hc_dev_fe/domain/family/entity/FamilyBoard.java:[18,2] cannot find symbol
[ERROR]   symbol: class Table
[ERROR] /C:/Users/ejrwl/OneDrive/Workspace/AS-Digt-HC-Dev-FE/src/main/java/vibe/digthc/as_digt_hc_dev_fe/domain/family/entity/FamilyBoard.java:[23,2] cannot find symbol
[ERROR]   symbol: class Getter
[ERROR] /C:/Users/ejrwl/OneDrive/Workspace/AS-Digt-HC-Dev-FE/src/main/java/vibe/digthc/as_digt_hc_dev_fe/domain/family/entity/FamilyBoard.java:[24,2] cannot find symbol
[ERROR]   symbol: class NoArgsConstructor
[ERROR] /C:/Users/ejrwl/OneDrive/Workspace/AS-Digt-HC-Dev-FE/src/main/java/vibe/digthc/as_digt_hc_dev_fe/domain/family/entity/FamilyBoardMember.java:[17,2] cannot find symbol
[ERROR]   symbol: class Entity
[ERROR] /C:/Users/ejrwl/OneDrive/Workspace/AS-Digt-HC-Dev-FE/src/main/java/vibe/digthc/as_digt_hc_dev_fe/domain/family/entity/FamilyBoardMember.java:[18,2] cannot find symbol
[ERROR]   symbol: class Table
[ERROR] /C:/Users/ejrwl/OneDrive/Workspace/AS-Digt-HC-Dev-FE/src/main/java/vibe/digthc/as_digt_hc_dev_fe/domain/family/entity/FamilyBoardMember.java:[28,2] cannot find symbol
[ERROR]   symbol: class Getter
[ERROR] /C:/Users/ejrwl/OneDrive/Workspace/AS-Digt-HC-Dev-FE/src/main/java/vibe/digthc/as_digt_hc_dev_fe/domain/family/entity/FamilyBoardMember.java:[29,2] cannot find symbol
[ERROR]   symbol: class NoArgsConstructor
[ERROR] /C:/Users/ejrwl/OneDrive/Workspace/AS-Digt-HC-Dev-FE/src/main/java/vibe/digthc/as_digt_hc_dev_fe/domain/family/entity/BoardInvitation.java:[17,2] cannot find symbol
[ERROR]   symbol: class Entity
[ERROR] /C:/Users/ejrwl/OneDrive/Workspace/AS-Digt-HC-Dev-FE/src/main/java/vibe/digthc/as_digt_hc_dev_fe/domain/family/entity/BoardInvitation.java:[18,2] cannot find symbol
[ERROR]   symbol: class Table
[ERROR] /C:/Users/ejrwl/OneDrive/Workspace/AS-Digt-HC-Dev-FE/src/main/java/vibe/digthc/as_digt_hc_dev_fe/domain/family/entity/BoardInvitation.java:[27,2] cannot find symbol
[ERROR]   symbol: class Getter
[ERROR] /C:/Users/ejrwl/OneDrive/Workspace/AS-Digt-HC-Dev-FE/src/main/java/vibe/digthc/as_digt_hc_dev_fe/domain/family/entity/BoardInvitation.java:[28,2] cannot find symbol
[ERROR]   symbol: class NoArgsConstructor
[ERROR] /C:/Users/ejrwl/OneDrive/Workspace/AS-Digt-HC-Dev-FE/src/main/java/vibe/digthc/as_digt_hc_dev_fe/domain/family/entity/FamilyBoard.java:[5,1] package jakarta.persistence does not exist
[ERROR] /C:/Users/ejrwl/OneDrive/Workspace/AS-Digt-HC-Dev-FE/src/main/java/vibe/digthc/as_digt_hc_dev_fe/domain/family/entity/FamilyBoard.java:[6,1] package lombok does not exist
[ERROR] /C:/Users/ejrwl/OneDrive/Workspace/AS-Digt-HC-Dev-FE/src/main/java/vibe/digthc/as_digt_hc_dev_fe/domain/family/entity/BoardInvitation.java:[7,1] package jakarta.persistence does not exist
[ERROR] /C:/Users/ejrwl/OneDrive/Workspace/AS-Digt-HC-Dev-FE/src/main/java/vibe/digthc/as_digt_hc_dev_fe/domain/family/entity/BoardInvitation.java:[8,1] package lombok does not exist
[ERROR] /C:/Users/ejrwl/OneDrive/Workspace/AS-Digt-HC-Dev-FE/src/main/java/vibe/digthc/as_digt_hc_dev_fe/domain/family/entity/FamilyBoardMember.java:[7,1] package jakarta.persistence does not exist
[ERROR] /C:/Users/ejrwl/OneDrive/Workspace/AS-Digt-HC-Dev-FE/src/main/java/vibe/digthc/as_digt_hc_dev_fe/domain/family/entity/FamilyBoardMember.java:[8,1] package lombok does not exist
[ERROR] /C:/Users/ejrwl/OneDrive/Workspace/AS-Digt-HC-Dev-FE/src/main/java/vibe/digthc/as_digt_hc_dev_fe/domain/action/service/ActionScheduler.java:[3,14] package lombok does not exist
[ERROR] /C:/Users/ejrwl/OneDrive/Workspace/AS-Digt-HC-Dev-FE/src/main/java/vibe/digthc/as_digt_hc_dev_fe/domain/action/service/ActionScheduler.java:[4,27] package lombok.extern.slf4j does not exist
[ERROR] /C:/Users/ejrwl/OneDrive/Workspace/AS-Digt-HC-Dev-FE/src/main/java/vibe/digthc/as_digt_hc_dev_fe/domain/action/service/ActionScheduler.java:[9,2] cannot find symbol
[ERROR]   symbol: class RequiredArgsConstructor
[ERROR] /C:/Users/ejrwl/OneDrive/Workspace/AS-Digt-HC-Dev-FE/src/main/java/vibe/digthc/as_digt_hc_dev_fe/domain/action/service/ActionScheduler.java:[10,2] cannot find symbol
[ERROR]   symbol: class Slf4j
[ERROR] /C:/Users/ejrwl/OneDrive/Workspace/AS-Digt-HC-Dev-FE/src/main/java/vibe/digthc/as_digt_hc_dev_fe/domain/family/dto/AcceptReq.java:[3,38] package jakarta.validation.constraints does not exist
[ERROR] /C:/Users/ejrwl/OneDrive/Workspace/AS-Digt-HC-Dev-FE/src/main/java/vibe/digthc/as_digt_hc_dev_fe/domain/family/dto/InviteReq.java:[4,38] package jakarta.validation.constraints does not exist
[ERROR] /C:/Users/ejrwl/OneDrive/Workspace/AS-Digt-HC-Dev-FE/src/main/java/vibe/digthc/as_digt_hc_dev_fe/domain/family/dto/InviteReq.java:[5,38] package jakarta.validation.constraints does not exist
[ERROR] /C:/Users/ejrwl/OneDrive/Workspace/AS-Digt-HC-Dev-FE/src/main/java/vibe/digthc/as_digt_hc_dev_fe/domain/family/dto/RoleUpdateReq.java:[4,38] package jakarta.validation.constraints does not exist
[ERROR] /C:/Users/ejrwl/OneDrive/Workspace/AS-Digt-HC-Dev-FE/src/main/java/vibe/digthc/as_digt_hc_dev_fe/domain/family/repository/BoardInvitationRepository.java:[5,47] package org.springframework.data.jpa.repository does not exist
[ERROR] /C:/Users/ejrwl/OneDrive/Workspace/AS-Digt-HC-Dev-FE/src/main/java/vibe/digthc/as_digt_hc_dev_fe/domain/family/repository/BoardInvitationRepository.java:[6,47] package org.springframework.data.jpa.repository does not exist
[ERROR] /C:/Users/ejrwl/OneDrive/Workspace/AS-Digt-HC-Dev-FE/src/main/java/vibe/digthc/as_digt_hc_dev_fe/domain/family/repository/BoardInvitationRepository.java:[7,47] package org.springframework.data.jpa.repository does not exist
[ERROR] /C:/Users/ejrwl/OneDrive/Workspace/AS-Digt-HC-Dev-FE/src/main/java/vibe/digthc/as_digt_hc_dev_fe/domain/family/repository/BoardInvitationRepository.java:[8,49] package org.springframework.data.repository.query does not exist
[ERROR] /C:/Users/ejrwl/OneDrive/Workspace/AS-Digt-HC-Dev-FE/src/main/java/vibe/digthc/as_digt_hc_dev_fe/domain/family/repository/BoardInvitationRepository.java:[17,52] cannot find symbol
[ERROR]   symbol: class JpaRepository
[ERROR] /C:/Users/ejrwl/OneDrive/Workspace/AS-Digt-HC-Dev-FE/src/main/java/vibe/digthc/as_digt_hc_dev_fe/domain/family/repository/FamilyBoardMemberRepository.java:[5,47] package org.springframework.data.jpa.repository does not exist
[ERROR] /C:/Users/ejrwl/OneDrive/Workspace/AS-Digt-HC-Dev-FE/src/main/java/vibe/digthc/as_digt_hc_dev_fe/domain/family/repository/FamilyBoardMemberRepository.java:[6,47] package org.springframework.data.jpa.repository does not exist
[ERROR] /C:/Users/ejrwl/OneDrive/Workspace/AS-Digt-HC-Dev-FE/src/main/java/vibe/digthc/as_digt_hc_dev_fe/domain/family/repository/FamilyBoardMemberRepository.java:[7,49] package org.springframework.data.repository.query does not exist
[ERROR] /C:/Users/ejrwl/OneDrive/Workspace/AS-Digt-HC-Dev-FE/src/main/java/vibe/digthc/as_digt_hc_dev_fe/domain/family/repository/FamilyBoardMemberRepository.java:[15,54] cannot find symbol
[ERROR]   symbol: class JpaRepository
[ERROR] /C:/Users/ejrwl/OneDrive/Workspace/AS-Digt-HC-Dev-FE/src/main/java/vibe/digthc/as_digt_hc_dev_fe/domain/family/service/FamilyBoardServiceImpl.java:[17,14] package lombok does not exist
[ERROR] /C:/Users/ejrwl/OneDrive/Workspace/AS-Digt-HC-Dev-FE/src/main/java/vibe/digthc/as_digt_hc_dev_fe/domain/family/service/FamilyBoardServiceImpl.java:[19,50] package org.springframework.transaction.annotation does not exist
[ERROR] /C:/Users/ejrwl/OneDrive/Workspace/AS-Digt-HC-Dev-FE/src/main/java/vibe/digthc/as_digt_hc_dev_fe/domain/family/service/FamilyBoardServiceImpl.java:[28,2] cannot find symbol
[ERROR]   symbol: class RequiredArgsConstructor
[ERROR] -> [Help 1]
[ERROR] 
[ERROR] To see the full stack trace of the errors, re-run Maven with the -e switch.
[ERROR] Re-run Maven using the -X switch to enable full debug logging.
[ERROR] 
[ERROR] For more information about the errors and possible solutions, please read the following articles:
[ERROR] [Help 1] http://cwiki.apache.org/confluence/display/MAVEN/MojoFailureException
